
> campus-os@0.1.0 build
> next build

node.exe : ΓÜá 
Warning: Next.js 
inferred your 
workspace root, but it 
may not be correct.
At line:1 char:1
+ & "C:\Program 
Files\nodejs/node.exe" 
"C:\Program 
Files\nodejs/node_mo 
...
+ ~~~~~~~~~~~~~~~~~~~~~
~~~~~~~~~~~~~~~~~~~~~~~
~~~~~~~~~~~~~~~~~~~~~~~
~~
    + CategoryInfo     
         : NotSpecifi  
  ed: (ΓÜá Warning:    
 Ne...not be correc    
t.:String) [], Rem    
oteException
    + FullyQualifiedEr 
   rorId : NativeComm  
  andError
 
 We detected multiple 
lockfiles and selected 
the directory of C:\Use
rs\Admin\package-lock.j
son as the root 
directory.
 To silence this 
warning, set 
`turbopack.root` in 
your Next.js config, 
or consider removing 
one of the lockfiles 
if it's not needed.
   See https://nextjs.o
rg/docs/app/api-referen
ce/config/next-config-j
s/turbopack#root-direct
ory for more 
information.
 Detected additional 
lockfiles: 
   * C:\Users\Admin\One
Drive\Desktop\CampusOS\
package-lock.json

Γû▓ Next.js 16.1.7 (Turbopack)
- Environments: .env.local

  Creating an optimized production build ...
Γ£ô Compiled successfully in 6.7s
  Running TypeScript ...
  Collecting page data using 7 workers ...
  Generating static pages using 7 workers (0/15) ...
≡ƒöì [Firebase] Configuration loaded: {
  apiKey: 'AIzaSy...',
  authDomain: 'campusos-fb477.firebaseapp.com',
  projectId: 'campusos-fb477',
  storageBucket: 'campusos-fb477.firebasestorage.app',
  messagingSenderId: '1013833232396',
  appId: '1:1013833232396:web:6940cbef39fe247f9ffe29'
}
  Generating static pages using 7 workers (3/15) 
  Generating static pages using 7 workers (7/15) 
Error occurred 
prerendering page 
"/map". Read more: http
s://nextjs.org/docs/mes
sages/prerender-error
ReferenceError: window 
is not defined
    at <unknown> (C:\Us
ers\Admin\OneDrive\Desk
top\CampusOS\.next\serv
er\chunks\ssr\OneDrive_
Desktop_CampusOS_b103bd
04._.js:1:1940)
    at module 
evaluation (C:\Users\Ad
min\OneDrive\Desktop\Ca
mpusOS\.next\server\chu
nks\ssr\OneDrive_Deskto
p_CampusOS_b103bd04._.j
s:1:148381)
    at 
instantiateModule (C:\U
sers\Admin\OneDrive\Des
ktop\CampusOS\.next\ser
ver\chunks\ssr\[turbopa
ck]_runtime.js:740:9)
    at getOrInstantiate
ModuleFromParent (C:\Us
ers\Admin\OneDrive\Desk
top\CampusOS\.next\serv
er\chunks\ssr\[turbopac
k]_runtime.js:763:12)
    at 
Context.esmImport [as 
i] (C:\Users\Admin\OneD
rive\Desktop\CampusOS\.
next\server\chunks\ssr\
[turbopack]_runtime.js:
228:20)
    at module 
evaluation (C:\Users\Ad
min\OneDrive\Desktop\Ca
mpusOS\.next\server\chu
nks\ssr\OneDrive_Deskto
p_CampusOS_b103bd04._.j
s:1:148468)
    at 
instantiateModule (C:\U
sers\Admin\OneDrive\Des
ktop\CampusOS\.next\ser
ver\chunks\ssr\[turbopa
ck]_runtime.js:740:9)
    at getOrInstantiate
ModuleFromParent (C:\Us
ers\Admin\OneDrive\Desk
top\CampusOS\.next\serv
er\chunks\ssr\[turbopac
k]_runtime.js:763:12)
    at Context.commonJs
Require [as r] (C:\User
s\Admin\OneDrive\Deskto
p\CampusOS\.next\server
\chunks\ssr\[turbopack]
_runtime.js:249:12) {
  digest: '3769361373'
}
Export encountered an 
error on /map/page: 
/map, exiting the 
build.
Γ¿» Next.js build 
worker exited with 
code: 1 and signal: 
null
